bash: test.sh: No such file or directory
